---
source: crates/nuff_db/src/diagnostic/render/rdjson.rs
expression: env.render(&diag)
---
{
  "diagnostics": [
    {
      "code": {
        "url": "https://docs.astral.sh/nuff/rules/test-diagnostic",
        "value": "test-diagnostic"
      },
      "message": "main diagnostic message"
    }
  ],
  "severity": "WARNING",
  "source": {
    "name": "nuff",
    "url": "https://docs.astral.sh/nuff"
  }
}
